Analysis & Synthesis report for datapath
Thu Nov  9 04:39:37 2017
Quartus Prime Version 16.1.0 Build 196 10/24/2016 SJ Lite Edition


---------------------
; Table of Contents ;
---------------------
  1. Legal Notice
  2. Analysis & Synthesis Summary
  3. Analysis & Synthesis Settings
  4. Parallel Compilation
  5. Analysis & Synthesis Source Files Read
  6. Analysis & Synthesis Resource Usage Summary
  7. Analysis & Synthesis Resource Utilization by Entity
  8. User-Specified and Inferred Latches
  9. Registers Removed During Synthesis
 10. General Register Statistics
 11. Multiplexer Restructuring Statistics (Restructuring Performed)
 12. Parameter Settings for User Entity Instance: mux2to1:t2_mux
 13. Parameter Settings for User Entity Instance: mux2to1:memdin_mux
 14. Parameter Settings for User Entity Instance: mux4to1:muxt1
 15. Parameter Settings for User Entity Instance: mux4to1:muxt4
 16. Parameter Settings for User Entity Instance: mux4to1:mema_mux
 17. Parameter Settings for User Entity Instance: mux4to1:alu_b_mux
 18. Parameter Settings for User Entity Instance: mux4to1:d3_of_rf
 19. Parameter Settings for User Entity Instance: mux4to1:a1_rf
 20. Parameter Settings for User Entity Instance: mux8to1:a3_rf
 21. Parameter Settings for User Entity Instance: mux8to1:alu_a_mux
 22. Parameter Settings for User Entity Instance: sign_ext:sign_ext7
 23. Parameter Settings for User Entity Instance: sign_ext:sign_ext8
 24. Parameter Settings for User Entity Instance: sign_ext:sign_ext10
 25. Parameter Settings for User Entity Instance: ram:memory
 26. Parameter Settings for User Entity Instance: temp_reg:instruction_reg
 27. Parameter Settings for User Entity Instance: temp_reg:program_counter
 28. Parameter Settings for User Entity Instance: temp_reg:temp1
 29. Parameter Settings for User Entity Instance: temp_reg:temp2
 30. Parameter Settings for User Entity Instance: temp_reg:temp3
 31. Parameter Settings for User Entity Instance: temp_reg:temp4
 32. Parameter Settings for User Entity Instance: temp_reg:temp5
 33. Port Connectivity Checks: "mux8to1:alu_a_mux"
 34. Port Connectivity Checks: "mux8to1:a3_rf"
 35. Port Connectivity Checks: "mux4to1:a1_rf"
 36. Port Connectivity Checks: "mux4to1:alu_b_mux"
 37. Port Connectivity Checks: "mux4to1:mema_mux"
 38. Port Connectivity Checks: "mux4to1:muxt4"
 39. Port Connectivity Checks: "mux4to1:muxt1"
 40. Post-Synthesis Netlist Statistics for Top Partition
 41. Elapsed Time Per Partition
 42. Analysis & Synthesis Messages



----------------
; Legal Notice ;
----------------
Copyright (C) 2016  Intel Corporation. All rights reserved.
Your use of Intel Corporation's design tools, logic functions 
and other software and tools, and its AMPP partner logic 
functions, and any output files from any of the foregoing 
(including device programming or simulation files), and any 
associated documentation or information are expressly subject 
to the terms and conditions of the Intel Program License 
Subscription Agreement, the Intel Quartus Prime License Agreement,
the Intel MegaCore Function License Agreement, or other 
applicable license agreement, including, without limitation, 
that your use is for the sole purpose of programming logic 
devices manufactured by Intel and sold by Intel or its 
authorized distributors.  Please refer to the applicable 
agreement for further details.



+----------------------------------------------------------------------------------+
; Analysis & Synthesis Summary                                                     ;
+------------------------------------+---------------------------------------------+
; Analysis & Synthesis Status        ; Successful - Thu Nov  9 04:39:37 2017       ;
; Quartus Prime Version              ; 16.1.0 Build 196 10/24/2016 SJ Lite Edition ;
; Revision Name                      ; datapath                                    ;
; Top-level Entity Name              ; datapath                                    ;
; Family                             ; Cyclone IV E                                ;
; Total logic elements               ; 904                                         ;
;     Total combinational functions  ; 696                                         ;
;     Dedicated logic registers      ; 362                                         ;
; Total registers                    ; 362                                         ;
; Total pins                         ; 34                                          ;
; Total virtual pins                 ; 0                                           ;
; Total memory bits                  ; 0                                           ;
; Embedded Multiplier 9-bit elements ; 0                                           ;
; Total PLLs                         ; 0                                           ;
+------------------------------------+---------------------------------------------+


+----------------------------------------------------------------------------------------------------------------------+
; Analysis & Synthesis Settings                                                                                        ;
+----------------------------------------------------------------------------+--------------------+--------------------+
; Option                                                                     ; Setting            ; Default Value      ;
+----------------------------------------------------------------------------+--------------------+--------------------+
; Device                                                                     ; EP4CE22F17C6       ;                    ;
; Top-level entity name                                                      ; datapath           ; datapath           ;
; Family name                                                                ; Cyclone IV E       ; Cyclone V          ;
; Use smart compilation                                                      ; On                 ; Off                ;
; Enable parallel Assembler and TimeQuest Timing Analyzer during compilation ; On                 ; On                 ;
; Enable compact report table                                                ; Off                ; Off                ;
; Restructure Multiplexers                                                   ; Auto               ; Auto               ;
; Create Debugging Nodes for IP Cores                                        ; Off                ; Off                ;
; Preserve fewer node names                                                  ; On                 ; On                 ;
; OpenCore Plus hardware evaluation                                          ; Enable             ; Enable             ;
; Verilog Version                                                            ; Verilog_2001       ; Verilog_2001       ;
; VHDL Version                                                               ; VHDL_1993          ; VHDL_1993          ;
; State Machine Processing                                                   ; Auto               ; Auto               ;
; Safe State Machine                                                         ; Off                ; Off                ;
; Extract Verilog State Machines                                             ; On                 ; On                 ;
; Extract VHDL State Machines                                                ; On                 ; On                 ;
; Ignore Verilog initial constructs                                          ; Off                ; Off                ;
; Iteration limit for constant Verilog loops                                 ; 5000               ; 5000               ;
; Iteration limit for non-constant Verilog loops                             ; 250                ; 250                ;
; Add Pass-Through Logic to Inferred RAMs                                    ; On                 ; On                 ;
; Infer RAMs from Raw Logic                                                  ; On                 ; On                 ;
; Parallel Synthesis                                                         ; On                 ; On                 ;
; DSP Block Balancing                                                        ; Auto               ; Auto               ;
; NOT Gate Push-Back                                                         ; On                 ; On                 ;
; Power-Up Don't Care                                                        ; On                 ; On                 ;
; Remove Redundant Logic Cells                                               ; Off                ; Off                ;
; Remove Duplicate Registers                                                 ; On                 ; On                 ;
; Ignore CARRY Buffers                                                       ; Off                ; Off                ;
; Ignore CASCADE Buffers                                                     ; Off                ; Off                ;
; Ignore GLOBAL Buffers                                                      ; Off                ; Off                ;
; Ignore ROW GLOBAL Buffers                                                  ; Off                ; Off                ;
; Ignore LCELL Buffers                                                       ; Off                ; Off                ;
; Ignore SOFT Buffers                                                        ; On                 ; On                 ;
; Limit AHDL Integers to 32 Bits                                             ; Off                ; Off                ;
; Optimization Technique                                                     ; Balanced           ; Balanced           ;
; Carry Chain Length                                                         ; 70                 ; 70                 ;
; Auto Carry Chains                                                          ; On                 ; On                 ;
; Auto Open-Drain Pins                                                       ; On                 ; On                 ;
; Perform WYSIWYG Primitive Resynthesis                                      ; Off                ; Off                ;
; Auto ROM Replacement                                                       ; On                 ; On                 ;
; Auto RAM Replacement                                                       ; On                 ; On                 ;
; Auto DSP Block Replacement                                                 ; On                 ; On                 ;
; Auto Shift Register Replacement                                            ; Auto               ; Auto               ;
; Allow Shift Register Merging across Hierarchies                            ; Auto               ; Auto               ;
; Auto Clock Enable Replacement                                              ; On                 ; On                 ;
; Strict RAM Replacement                                                     ; Off                ; Off                ;
; Allow Synchronous Control Signals                                          ; On                 ; On                 ;
; Force Use of Synchronous Clear Signals                                     ; Off                ; Off                ;
; Auto RAM Block Balancing                                                   ; On                 ; On                 ;
; Auto RAM to Logic Cell Conversion                                          ; Off                ; Off                ;
; Auto Resource Sharing                                                      ; Off                ; Off                ;
; Allow Any RAM Size For Recognition                                         ; Off                ; Off                ;
; Allow Any ROM Size For Recognition                                         ; Off                ; Off                ;
; Allow Any Shift Register Size For Recognition                              ; Off                ; Off                ;
; Use LogicLock Constraints during Resource Balancing                        ; On                 ; On                 ;
; Ignore translate_off and synthesis_off directives                          ; Off                ; Off                ;
; Timing-Driven Synthesis                                                    ; On                 ; On                 ;
; Report Parameter Settings                                                  ; On                 ; On                 ;
; Report Source Assignments                                                  ; On                 ; On                 ;
; Report Connectivity Checks                                                 ; On                 ; On                 ;
; Ignore Maximum Fan-Out Assignments                                         ; Off                ; Off                ;
; Synchronization Register Chain Length                                      ; 2                  ; 2                  ;
; PowerPlay Power Optimization During Synthesis                              ; Normal compilation ; Normal compilation ;
; HDL message level                                                          ; Level2             ; Level2             ;
; Suppress Register Optimization Related Messages                            ; Off                ; Off                ;
; Number of Removed Registers Reported in Synthesis Report                   ; 5000               ; 5000               ;
; Number of Swept Nodes Reported in Synthesis Report                         ; 5000               ; 5000               ;
; Number of Inverted Registers Reported in Synthesis Report                  ; 100                ; 100                ;
; Clock MUX Protection                                                       ; On                 ; On                 ;
; Auto Gated Clock Conversion                                                ; Off                ; Off                ;
; Block Design Naming                                                        ; Auto               ; Auto               ;
; SDC constraint protection                                                  ; Off                ; Off                ;
; Synthesis Effort                                                           ; Auto               ; Auto               ;
; Shift Register Replacement - Allow Asynchronous Clear Signal               ; On                 ; On                 ;
; Pre-Mapping Resynthesis Optimization                                       ; Off                ; Off                ;
; Analysis & Synthesis Message Level                                         ; Medium             ; Medium             ;
; Disable Register Merging Across Hierarchies                                ; Auto               ; Auto               ;
; Resource Aware Inference For Block RAM                                     ; On                 ; On                 ;
+----------------------------------------------------------------------------+--------------------+--------------------+


+------------------------------------------+
; Parallel Compilation                     ;
+----------------------------+-------------+
; Processors                 ; Number      ;
+----------------------------+-------------+
; Number detected on machine ; 4           ;
; Maximum allowed            ; 2           ;
;                            ;             ;
; Average used               ; 1.00        ;
; Maximum used               ; 2           ;
;                            ;             ;
; Usage by Processor         ; % Time Used ;
;     Processor 1            ; 100.0%      ;
;     Processor 2            ;   0.0%      ;
+----------------------------+-------------+


+----------------------------------------------------------------------------------------------------------------------------------------+
; Analysis & Synthesis Source Files Read                                                                                                 ;
+----------------------------------+-----------------+-----------------+-------------------------------------------------------+---------+
; File Name with User-Entered Path ; Used in Netlist ; File Type       ; File Name with Absolute Path                          ; Library ;
+----------------------------------+-----------------+-----------------+-------------------------------------------------------+---------+
; ../Components/registers.vhd      ; yes             ; User VHDL File  ; /home/mohit/microlab337/Components/registers.vhd      ;         ;
; ../Components/TwosComplement.vhd ; yes             ; User VHDL File  ; /home/mohit/microlab337/Components/TwosComplement.vhd ;         ;
; ram.vhd                          ; yes             ; User VHDL File  ; /home/mohit/microlab337/MicroLab/ram.vhd              ;         ;
; trail_zero7.vhd                  ; yes             ; User VHDL File  ; /home/mohit/microlab337/MicroLab/trail_zero7.vhd      ;         ;
; temp_reg.vhdl                    ; yes             ; User VHDL File  ; /home/mohit/microlab337/MicroLab/temp_reg.vhdl        ;         ;
; sign_ext.vhd                     ; yes             ; User VHDL File  ; /home/mohit/microlab337/MicroLab/sign_ext.vhd         ;         ;
; regfile.vhd                      ; yes             ; User VHDL File  ; /home/mohit/microlab337/MicroLab/regfile.vhd          ;         ;
; priorityEncoder.vhd              ; yes             ; User VHDL File  ; /home/mohit/microlab337/MicroLab/priorityEncoder.vhd  ;         ;
; mux8to1.vhd                      ; yes             ; User VHDL File  ; /home/mohit/microlab337/MicroLab/mux8to1.vhd          ;         ;
; mux4to1.vhd                      ; yes             ; User VHDL File  ; /home/mohit/microlab337/MicroLab/mux4to1.vhd          ;         ;
; mux2to1.vhd                      ; yes             ; User VHDL File  ; /home/mohit/microlab337/MicroLab/mux2to1.vhd          ;         ;
; decoder3_16.vhd                  ; yes             ; User VHDL File  ; /home/mohit/microlab337/MicroLab/decoder3_16.vhd      ;         ;
; alu.vhd                          ; yes             ; User VHDL File  ; /home/mohit/microlab337/MicroLab/alu.vhd              ;         ;
; datapath.vhd                     ; yes             ; User VHDL File  ; /home/mohit/microlab337/MicroLab/datapath.vhd         ;         ;
+----------------------------------+-----------------+-----------------+-------------------------------------------------------+---------+


+---------------------------------------------------------+
; Analysis & Synthesis Resource Usage Summary             ;
+---------------------------------------------+-----------+
; Resource                                    ; Usage     ;
+---------------------------------------------+-----------+
; Estimated Total logic elements              ; 904       ;
;                                             ;           ;
; Total combinational functions               ; 696       ;
; Logic element usage by number of LUT inputs ;           ;
;     -- 4 input functions                    ; 428       ;
;     -- 3 input functions                    ; 215       ;
;     -- <=2 input functions                  ; 53        ;
;                                             ;           ;
; Logic elements by mode                      ;           ;
;     -- normal mode                          ; 598       ;
;     -- arithmetic mode                      ; 98        ;
;                                             ;           ;
; Total registers                             ; 362       ;
;     -- Dedicated logic registers            ; 362       ;
;     -- I/O registers                        ; 0         ;
;                                             ;           ;
; I/O pins                                    ; 34        ;
;                                             ;           ;
; Embedded Multiplier 9-bit elements          ; 0         ;
;                                             ;           ;
; Maximum fan-out node                        ; clk~input ;
; Maximum fan-out                             ; 362       ;
; Total fan-out                               ; 3608      ;
; Average fan-out                             ; 3.20      ;
+---------------------------------------------+-----------+


+--------------------------------------------------------------------------------------------------------------------------------------------------------------------------------------------------------------------------------------+
; Analysis & Synthesis Resource Utilization by Entity                                                                                                                                                                                  ;
+-------------------------------+---------------------+---------------------------+-------------+--------------+---------+-----------+------+--------------+------------------------------------------+-----------------+--------------+
; Compilation Hierarchy Node    ; Combinational ALUTs ; Dedicated Logic Registers ; Memory Bits ; DSP Elements ; DSP 9x9 ; DSP 18x18 ; Pins ; Virtual Pins ; Full Hierarchy Name                      ; Entity Name     ; Library Name ;
+-------------------------------+---------------------+---------------------------+-------------+--------------+---------+-----------+------+--------------+------------------------------------------+-----------------+--------------+
; |datapath                     ; 696 (16)            ; 362 (0)                   ; 0           ; 0            ; 0       ; 0         ; 34   ; 0            ; |datapath                                ; datapath        ; work         ;
;    |ALU:my_alu|               ; 219 (187)           ; 0 (0)                     ; 0           ; 0            ; 0       ; 0         ; 0    ; 0            ; |datapath|ALU:my_alu                     ; ALU             ; work         ;
;       |TwosComplement:two1|   ; 18 (18)             ; 0 (0)                     ; 0           ; 0            ; 0       ; 0         ; 0    ; 0            ; |datapath|ALU:my_alu|TwosComplement:two1 ; TwosComplement  ; work         ;
;       |TwosComplement:two|    ; 14 (14)             ; 0 (0)                     ; 0           ; 0            ; 0       ; 0         ; 0    ; 0            ; |datapath|ALU:my_alu|TwosComplement:two  ; TwosComplement  ; work         ;
;    |decoder3_16:decoder|      ; 8 (8)               ; 0 (0)                     ; 0           ; 0            ; 0       ; 0         ; 0    ; 0            ; |datapath|decoder3_16:decoder            ; decoder3_16     ; work         ;
;    |mux2to1:memdin_mux|       ; 16 (16)             ; 0 (0)                     ; 0           ; 0            ; 0       ; 0         ; 0    ; 0            ; |datapath|mux2to1:memdin_mux             ; mux2to1         ; work         ;
;    |mux2to1:t2_mux|           ; 16 (16)             ; 0 (0)                     ; 0           ; 0            ; 0       ; 0         ; 0    ; 0            ; |datapath|mux2to1:t2_mux                 ; mux2to1         ; work         ;
;    |mux4to1:a1_rf|            ; 7 (7)               ; 0 (0)                     ; 0           ; 0            ; 0       ; 0         ; 0    ; 0            ; |datapath|mux4to1:a1_rf                  ; mux4to1         ; work         ;
;    |mux4to1:alu_b_mux|        ; 32 (32)             ; 0 (0)                     ; 0           ; 0            ; 0       ; 0         ; 0    ; 0            ; |datapath|mux4to1:alu_b_mux              ; mux4to1         ; work         ;
;    |mux4to1:d3_of_rf|         ; 32 (32)             ; 0 (0)                     ; 0           ; 0            ; 0       ; 0         ; 0    ; 0            ; |datapath|mux4to1:d3_of_rf               ; mux4to1         ; work         ;
;    |mux4to1:mema_mux|         ; 6 (6)               ; 0 (0)                     ; 0           ; 0            ; 0       ; 0         ; 0    ; 0            ; |datapath|mux4to1:mema_mux               ; mux4to1         ; work         ;
;    |mux4to1:muxt1|            ; 17 (17)             ; 0 (0)                     ; 0           ; 0            ; 0       ; 0         ; 0    ; 0            ; |datapath|mux4to1:muxt1                  ; mux4to1         ; work         ;
;    |mux4to1:muxt4|            ; 16 (16)             ; 0 (0)                     ; 0           ; 0            ; 0       ; 0         ; 0    ; 0            ; |datapath|mux4to1:muxt4                  ; mux4to1         ; work         ;
;    |mux8to1:a3_rf|            ; 11 (11)             ; 0 (0)                     ; 0           ; 0            ; 0       ; 0         ; 0    ; 0            ; |datapath|mux8to1:a3_rf                  ; mux8to1         ; work         ;
;    |mux8to1:alu_a_mux|        ; 45 (45)             ; 0 (0)                     ; 0           ; 0            ; 0       ; 0         ; 0    ; 0            ; |datapath|mux8to1:alu_a_mux              ; mux8to1         ; work         ;
;    |priorityEncoder:pr_enc|   ; 13 (13)             ; 0 (0)                     ; 0           ; 0            ; 0       ; 0         ; 0    ; 0            ; |datapath|priorityEncoder:pr_enc         ; priorityEncoder ; work         ;
;    |ram:memory|               ; 54 (54)             ; 96 (96)                   ; 0           ; 0            ; 0       ; 0         ; 0    ; 0            ; |datapath|ram:memory                     ; ram             ; work         ;
;    |register_file:reg_file|   ; 170 (170)           ; 160 (160)                 ; 0           ; 0            ; 0       ; 0         ; 0    ; 0            ; |datapath|register_file:reg_file         ; register_file   ; work         ;
;    |registers:car|            ; 2 (2)               ; 1 (1)                     ; 0           ; 0            ; 0       ; 0         ; 0    ; 0            ; |datapath|registers:car                  ; registers       ; work         ;
;    |registers:z|              ; 7 (7)               ; 1 (1)                     ; 0           ; 0            ; 0       ; 0         ; 0    ; 0            ; |datapath|registers:z                    ; registers       ; work         ;
;    |temp_reg:instruction_reg| ; 0 (0)               ; 16 (16)                   ; 0           ; 0            ; 0       ; 0         ; 0    ; 0            ; |datapath|temp_reg:instruction_reg       ; temp_reg        ; work         ;
;    |temp_reg:program_counter| ; 0 (0)               ; 16 (16)                   ; 0           ; 0            ; 0       ; 0         ; 0    ; 0            ; |datapath|temp_reg:program_counter       ; temp_reg        ; work         ;
;    |temp_reg:temp1|           ; 0 (0)               ; 16 (16)                   ; 0           ; 0            ; 0       ; 0         ; 0    ; 0            ; |datapath|temp_reg:temp1                 ; temp_reg        ; work         ;
;    |temp_reg:temp2|           ; 0 (0)               ; 16 (16)                   ; 0           ; 0            ; 0       ; 0         ; 0    ; 0            ; |datapath|temp_reg:temp2                 ; temp_reg        ; work         ;
;    |temp_reg:temp3|           ; 0 (0)               ; 16 (16)                   ; 0           ; 0            ; 0       ; 0         ; 0    ; 0            ; |datapath|temp_reg:temp3                 ; temp_reg        ; work         ;
;    |temp_reg:temp4|           ; 9 (9)               ; 16 (16)                   ; 0           ; 0            ; 0       ; 0         ; 0    ; 0            ; |datapath|temp_reg:temp4                 ; temp_reg        ; work         ;
;    |temp_reg:temp5|           ; 0 (0)               ; 8 (8)                     ; 0           ; 0            ; 0       ; 0         ; 0    ; 0            ; |datapath|temp_reg:temp5                 ; temp_reg        ; work         ;
+-------------------------------+---------------------+---------------------------+-------------+--------------+---------+-----------+------+--------------+------------------------------------------+-----------------+--------------+
Note: For table entries with two numbers listed, the numbers in parentheses indicate the number of resources of the given type used by the specific entity alone. The numbers listed outside of parentheses indicate the total resources of the given type used by the specific entity and all of its sub-entities in the hierarchy.


+------------------------------------------------------------------------------------------------------------+
; User-Specified and Inferred Latches                                                                        ;
+-----------------------------------------------------+-----------------------------+------------------------+
; Latch Name                                          ; Latch Enable Signal         ; Free of Timing Hazards ;
+-----------------------------------------------------+-----------------------------+------------------------+
; ALU:my_alu|two_complement_add[14]                   ; ALU:my_alu|alu_out_read[15] ; yes                    ;
; ALU:my_alu|two_complement_add[13]                   ; ALU:my_alu|alu_out_read[15] ; yes                    ;
; ALU:my_alu|two_complement_add[12]                   ; ALU:my_alu|alu_out_read[15] ; yes                    ;
; ALU:my_alu|two_complement_add[11]                   ; ALU:my_alu|alu_out_read[15] ; yes                    ;
; ALU:my_alu|two_complement_add[10]                   ; ALU:my_alu|alu_out_read[15] ; yes                    ;
; ALU:my_alu|two_complement_add[9]                    ; ALU:my_alu|alu_out_read[15] ; yes                    ;
; ALU:my_alu|two_complement_add[8]                    ; ALU:my_alu|alu_out_read[15] ; yes                    ;
; ALU:my_alu|two_complement_add[7]                    ; ALU:my_alu|alu_out_read[15] ; yes                    ;
; ALU:my_alu|two_complement_add[6]                    ; ALU:my_alu|alu_out_read[15] ; yes                    ;
; ALU:my_alu|two_complement_add[5]                    ; ALU:my_alu|alu_out_read[15] ; yes                    ;
; ALU:my_alu|two_complement_add[4]                    ; ALU:my_alu|alu_out_read[15] ; yes                    ;
; ALU:my_alu|two_complement_add[3]                    ; ALU:my_alu|alu_out_read[15] ; yes                    ;
; ALU:my_alu|two_complement_add[2]                    ; ALU:my_alu|alu_out_read[15] ; yes                    ;
; ALU:my_alu|two_complement_add[1]                    ; ALU:my_alu|alu_out_read[15] ; yes                    ;
; ALU:my_alu|two_complement_add[0]                    ; ALU:my_alu|alu_out_read[15] ; yes                    ;
; ALU:my_alu|alu_out_read[14]                         ; ALU:my_alu|alu_out_read[15] ; yes                    ;
; ALU:my_alu|alu_out_read[13]                         ; ALU:my_alu|alu_out_read[15] ; yes                    ;
; ALU:my_alu|alu_out_read[12]                         ; ALU:my_alu|alu_out_read[15] ; yes                    ;
; ALU:my_alu|alu_out_read[11]                         ; ALU:my_alu|alu_out_read[15] ; yes                    ;
; ALU:my_alu|alu_out_read[10]                         ; ALU:my_alu|alu_out_read[15] ; yes                    ;
; ALU:my_alu|alu_out_read[9]                          ; ALU:my_alu|alu_out_read[15] ; yes                    ;
; ALU:my_alu|alu_out_read[8]                          ; ALU:my_alu|alu_out_read[15] ; yes                    ;
; ALU:my_alu|alu_out_read[7]                          ; ALU:my_alu|alu_out_read[15] ; yes                    ;
; ALU:my_alu|alu_out_read[6]                          ; ALU:my_alu|alu_out_read[15] ; yes                    ;
; ALU:my_alu|alu_out_read[5]                          ; ALU:my_alu|alu_out_read[15] ; yes                    ;
; ALU:my_alu|alu_out_read[4]                          ; ALU:my_alu|alu_out_read[15] ; yes                    ;
; ALU:my_alu|alu_out_read[3]                          ; ALU:my_alu|alu_out_read[15] ; yes                    ;
; ALU:my_alu|alu_out_read[2]                          ; ALU:my_alu|alu_out_read[15] ; yes                    ;
; ALU:my_alu|alu_out_read[1]                          ; ALU:my_alu|alu_out_read[15] ; yes                    ;
; ALU:my_alu|alu_out_read[0]                          ; ALU:my_alu|alu_out_read[15] ; yes                    ;
; ALU:my_alu|alu_out_read[15]                         ; ALU:my_alu|alu_out_read[15] ; yes                    ;
; priorityEncoder:pr_enc|dout[1]                      ; GND                         ; yes                    ;
; priorityEncoder:pr_enc|dout[0]                      ; GND                         ; yes                    ;
; priorityEncoder:pr_enc|dout[2]                      ; GND                         ; yes                    ;
; Number of user-specified and inferred latches = 34  ;                             ;                        ;
+-----------------------------------------------------+-----------------------------+------------------------+
Note: All latches listed above may not be present at the end of synthesis due to various synthesis optimizations.


+--------------------------------------------------------------------------------+
; Registers Removed During Synthesis                                             ;
+---------------------------------------+----------------------------------------+
; Register name                         ; Reason for Removal                     ;
+---------------------------------------+----------------------------------------+
; temp_reg:temp5|dout[8..15]            ; Stuck at GND due to stuck port data_in ;
; Total Number of Removed Registers = 8 ;                                        ;
+---------------------------------------+----------------------------------------+


+------------------------------------------------------+
; General Register Statistics                          ;
+----------------------------------------------+-------+
; Statistic                                    ; Value ;
+----------------------------------------------+-------+
; Total registers                              ; 362   ;
; Number of registers using Synchronous Clear  ; 0     ;
; Number of registers using Synchronous Load   ; 9     ;
; Number of registers using Asynchronous Clear ; 0     ;
; Number of registers using Asynchronous Load  ; 0     ;
; Number of registers using Clock Enable       ; 360   ;
; Number of registers using Preset             ; 0     ;
+----------------------------------------------+-------+


+----------------------------------------------------------------------------------------------------------------------------------------------------------+
; Multiplexer Restructuring Statistics (Restructuring Performed)                                                                                           ;
+--------------------+-----------+---------------+----------------------+------------------------+------------+--------------------------------------------+
; Multiplexer Inputs ; Bus Width ; Baseline Area ; Area if Restructured ; Saving if Restructured ; Registered ; Example Multiplexer Output                 ;
+--------------------+-----------+---------------+----------------------+------------------------+------------+--------------------------------------------+
; 4:1                ; 16 bits   ; 32 LEs        ; 32 LEs               ; 0 LEs                  ; Yes        ; |datapath|temp_reg:temp1|dout[9]           ;
; 3:1                ; 9 bits    ; 18 LEs        ; 18 LEs               ; 0 LEs                  ; Yes        ; |datapath|temp_reg:temp4|dout[13]          ;
; 4:1                ; 7 bits    ; 14 LEs        ; 14 LEs               ; 0 LEs                  ; Yes        ; |datapath|temp_reg:temp4|dout[0]           ;
; 4:1                ; 8 bits    ; 16 LEs        ; 16 LEs               ; 0 LEs                  ; No         ; |datapath|mux4to1:alu_b_mux|dout[15]       ;
; 4:1                ; 8 bits    ; 16 LEs        ; 16 LEs               ; 0 LEs                  ; No         ; |datapath|mux4to1:alu_b_mux|dout[4]        ;
; 3:1                ; 30 bits   ; 60 LEs        ; 60 LEs               ; 0 LEs                  ; No         ; |datapath|ALU:my_alu|two_complement_add[8] ;
; 4:1                ; 7 bits    ; 14 LEs        ; 14 LEs               ; 0 LEs                  ; No         ; |datapath|mux4to1:d3_of_rf|dout[15]        ;
; 4:1                ; 9 bits    ; 18 LEs        ; 18 LEs               ; 0 LEs                  ; No         ; |datapath|mux4to1:d3_of_rf|dout[4]         ;
; 4:1                ; 3 bits    ; 6 LEs         ; 6 LEs                ; 0 LEs                  ; No         ; |datapath|mux4to1:mema_mux|dout[0]         ;
; 8:1                ; 5 bits    ; 25 LEs        ; 10 LEs               ; 15 LEs                 ; No         ; |datapath|mux8to1:alu_a_mux|Mux14          ;
; 8:1                ; 3 bits    ; 15 LEs        ; 9 LEs                ; 6 LEs                  ; No         ; |datapath|mux8to1:a3_rf|Mux0               ;
; 4:1                ; 3 bits    ; 6 LEs         ; 6 LEs                ; 0 LEs                  ; No         ; |datapath|mux4to1:a1_rf|dout[2]            ;
; 5:1                ; 8 bits    ; 24 LEs        ; 24 LEs               ; 0 LEs                  ; No         ; |datapath|mux8to1:alu_a_mux|Mux6           ;
; 7:1                ; 2 bits    ; 8 LEs         ; 8 LEs                ; 0 LEs                  ; No         ; |datapath|mux8to1:alu_a_mux|Mux9           ;
+--------------------+-----------+---------------+----------------------+------------------------+------------+--------------------------------------------+


+-------------------------------------------------------------+
; Parameter Settings for User Entity Instance: mux2to1:t2_mux ;
+----------------+-------+------------------------------------+
; Parameter Name ; Value ; Type                               ;
+----------------+-------+------------------------------------+
; input_width    ; 16    ; Signed Integer                     ;
+----------------+-------+------------------------------------+
Note: In order to hide this table in the UI and the text report file, please set the "Show Parameter Settings in Synthesis Report" option in "Analysis and Synthesis Settings -> More Settings" to "Off".


+-----------------------------------------------------------------+
; Parameter Settings for User Entity Instance: mux2to1:memdin_mux ;
+----------------+-------+----------------------------------------+
; Parameter Name ; Value ; Type                                   ;
+----------------+-------+----------------------------------------+
; input_width    ; 16    ; Signed Integer                         ;
+----------------+-------+----------------------------------------+
Note: In order to hide this table in the UI and the text report file, please set the "Show Parameter Settings in Synthesis Report" option in "Analysis and Synthesis Settings -> More Settings" to "Off".


+------------------------------------------------------------+
; Parameter Settings for User Entity Instance: mux4to1:muxt1 ;
+----------------+-------+-----------------------------------+
; Parameter Name ; Value ; Type                              ;
+----------------+-------+-----------------------------------+
; input_width    ; 16    ; Signed Integer                    ;
+----------------+-------+-----------------------------------+
Note: In order to hide this table in the UI and the text report file, please set the "Show Parameter Settings in Synthesis Report" option in "Analysis and Synthesis Settings -> More Settings" to "Off".


+------------------------------------------------------------+
; Parameter Settings for User Entity Instance: mux4to1:muxt4 ;
+----------------+-------+-----------------------------------+
; Parameter Name ; Value ; Type                              ;
+----------------+-------+-----------------------------------+
; input_width    ; 16    ; Signed Integer                    ;
+----------------+-------+-----------------------------------+
Note: In order to hide this table in the UI and the text report file, please set the "Show Parameter Settings in Synthesis Report" option in "Analysis and Synthesis Settings -> More Settings" to "Off".


+---------------------------------------------------------------+
; Parameter Settings for User Entity Instance: mux4to1:mema_mux ;
+----------------+-------+--------------------------------------+
; Parameter Name ; Value ; Type                                 ;
+----------------+-------+--------------------------------------+
; input_width    ; 16    ; Signed Integer                       ;
+----------------+-------+--------------------------------------+
Note: In order to hide this table in the UI and the text report file, please set the "Show Parameter Settings in Synthesis Report" option in "Analysis and Synthesis Settings -> More Settings" to "Off".


+----------------------------------------------------------------+
; Parameter Settings for User Entity Instance: mux4to1:alu_b_mux ;
+----------------+-------+---------------------------------------+
; Parameter Name ; Value ; Type                                  ;
+----------------+-------+---------------------------------------+
; input_width    ; 16    ; Signed Integer                        ;
+----------------+-------+---------------------------------------+
Note: In order to hide this table in the UI and the text report file, please set the "Show Parameter Settings in Synthesis Report" option in "Analysis and Synthesis Settings -> More Settings" to "Off".


+---------------------------------------------------------------+
; Parameter Settings for User Entity Instance: mux4to1:d3_of_rf ;
+----------------+-------+--------------------------------------+
; Parameter Name ; Value ; Type                                 ;
+----------------+-------+--------------------------------------+
; input_width    ; 16    ; Signed Integer                       ;
+----------------+-------+--------------------------------------+
Note: In order to hide this table in the UI and the text report file, please set the "Show Parameter Settings in Synthesis Report" option in "Analysis and Synthesis Settings -> More Settings" to "Off".


+------------------------------------------------------------+
; Parameter Settings for User Entity Instance: mux4to1:a1_rf ;
+----------------+-------+-----------------------------------+
; Parameter Name ; Value ; Type                              ;
+----------------+-------+-----------------------------------+
; input_width    ; 3     ; Signed Integer                    ;
+----------------+-------+-----------------------------------+
Note: In order to hide this table in the UI and the text report file, please set the "Show Parameter Settings in Synthesis Report" option in "Analysis and Synthesis Settings -> More Settings" to "Off".


+------------------------------------------------------------+
; Parameter Settings for User Entity Instance: mux8to1:a3_rf ;
+----------------+-------+-----------------------------------+
; Parameter Name ; Value ; Type                              ;
+----------------+-------+-----------------------------------+
; input_width    ; 3     ; Signed Integer                    ;
+----------------+-------+-----------------------------------+
Note: In order to hide this table in the UI and the text report file, please set the "Show Parameter Settings in Synthesis Report" option in "Analysis and Synthesis Settings -> More Settings" to "Off".


+----------------------------------------------------------------+
; Parameter Settings for User Entity Instance: mux8to1:alu_a_mux ;
+----------------+-------+---------------------------------------+
; Parameter Name ; Value ; Type                                  ;
+----------------+-------+---------------------------------------+
; input_width    ; 16    ; Signed Integer                        ;
+----------------+-------+---------------------------------------+
Note: In order to hide this table in the UI and the text report file, please set the "Show Parameter Settings in Synthesis Report" option in "Analysis and Synthesis Settings -> More Settings" to "Off".


+-----------------------------------------------------------------+
; Parameter Settings for User Entity Instance: sign_ext:sign_ext7 ;
+----------------+-------+----------------------------------------+
; Parameter Name ; Value ; Type                                   ;
+----------------+-------+----------------------------------------+
; input_width    ; 7     ; Signed Integer                         ;
+----------------+-------+----------------------------------------+
Note: In order to hide this table in the UI and the text report file, please set the "Show Parameter Settings in Synthesis Report" option in "Analysis and Synthesis Settings -> More Settings" to "Off".


+-----------------------------------------------------------------+
; Parameter Settings for User Entity Instance: sign_ext:sign_ext8 ;
+----------------+-------+----------------------------------------+
; Parameter Name ; Value ; Type                                   ;
+----------------+-------+----------------------------------------+
; input_width    ; 8     ; Signed Integer                         ;
+----------------+-------+----------------------------------------+
Note: In order to hide this table in the UI and the text report file, please set the "Show Parameter Settings in Synthesis Report" option in "Analysis and Synthesis Settings -> More Settings" to "Off".


+------------------------------------------------------------------+
; Parameter Settings for User Entity Instance: sign_ext:sign_ext10 ;
+----------------+-------+-----------------------------------------+
; Parameter Name ; Value ; Type                                    ;
+----------------+-------+-----------------------------------------+
; input_width    ; 10    ; Signed Integer                          ;
+----------------+-------+-----------------------------------------+
Note: In order to hide this table in the UI and the text report file, please set the "Show Parameter Settings in Synthesis Report" option in "Analysis and Synthesis Settings -> More Settings" to "Off".


+---------------------------------------------------------+
; Parameter Settings for User Entity Instance: ram:memory ;
+----------------+-------+--------------------------------+
; Parameter Name ; Value ; Type                           ;
+----------------+-------+--------------------------------+
; address_width  ; 16    ; Signed Integer                 ;
; data_width     ; 16    ; Signed Integer                 ;
+----------------+-------+--------------------------------+
Note: In order to hide this table in the UI and the text report file, please set the "Show Parameter Settings in Synthesis Report" option in "Analysis and Synthesis Settings -> More Settings" to "Off".


+-----------------------------------------------------------------------+
; Parameter Settings for User Entity Instance: temp_reg:instruction_reg ;
+----------------+-------+----------------------------------------------+
; Parameter Name ; Value ; Type                                         ;
+----------------+-------+----------------------------------------------+
; input_width    ; 16    ; Signed Integer                               ;
+----------------+-------+----------------------------------------------+
Note: In order to hide this table in the UI and the text report file, please set the "Show Parameter Settings in Synthesis Report" option in "Analysis and Synthesis Settings -> More Settings" to "Off".


+-----------------------------------------------------------------------+
; Parameter Settings for User Entity Instance: temp_reg:program_counter ;
+----------------+-------+----------------------------------------------+
; Parameter Name ; Value ; Type                                         ;
+----------------+-------+----------------------------------------------+
; input_width    ; 16    ; Signed Integer                               ;
+----------------+-------+----------------------------------------------+
Note: In order to hide this table in the UI and the text report file, please set the "Show Parameter Settings in Synthesis Report" option in "Analysis and Synthesis Settings -> More Settings" to "Off".


+-------------------------------------------------------------+
; Parameter Settings for User Entity Instance: temp_reg:temp1 ;
+----------------+-------+------------------------------------+
; Parameter Name ; Value ; Type                               ;
+----------------+-------+------------------------------------+
; input_width    ; 16    ; Signed Integer                     ;
+----------------+-------+------------------------------------+
Note: In order to hide this table in the UI and the text report file, please set the "Show Parameter Settings in Synthesis Report" option in "Analysis and Synthesis Settings -> More Settings" to "Off".


+-------------------------------------------------------------+
; Parameter Settings for User Entity Instance: temp_reg:temp2 ;
+----------------+-------+------------------------------------+
; Parameter Name ; Value ; Type                               ;
+----------------+-------+------------------------------------+
; input_width    ; 16    ; Signed Integer                     ;
+----------------+-------+------------------------------------+
Note: In order to hide this table in the UI and the text report file, please set the "Show Parameter Settings in Synthesis Report" option in "Analysis and Synthesis Settings -> More Settings" to "Off".


+-------------------------------------------------------------+
; Parameter Settings for User Entity Instance: temp_reg:temp3 ;
+----------------+-------+------------------------------------+
; Parameter Name ; Value ; Type                               ;
+----------------+-------+------------------------------------+
; input_width    ; 16    ; Signed Integer                     ;
+----------------+-------+------------------------------------+
Note: In order to hide this table in the UI and the text report file, please set the "Show Parameter Settings in Synthesis Report" option in "Analysis and Synthesis Settings -> More Settings" to "Off".


+-------------------------------------------------------------+
; Parameter Settings for User Entity Instance: temp_reg:temp4 ;
+----------------+-------+------------------------------------+
; Parameter Name ; Value ; Type                               ;
+----------------+-------+------------------------------------+
; input_width    ; 16    ; Signed Integer                     ;
+----------------+-------+------------------------------------+
Note: In order to hide this table in the UI and the text report file, please set the "Show Parameter Settings in Synthesis Report" option in "Analysis and Synthesis Settings -> More Settings" to "Off".


+-------------------------------------------------------------+
; Parameter Settings for User Entity Instance: temp_reg:temp5 ;
+----------------+-------+------------------------------------+
; Parameter Name ; Value ; Type                               ;
+----------------+-------+------------------------------------+
; input_width    ; 16    ; Signed Integer                     ;
+----------------+-------+------------------------------------+
Note: In order to hide this table in the UI and the text report file, please set the "Show Parameter Settings in Synthesis Report" option in "Analysis and Synthesis Settings -> More Settings" to "Off".


+-----------------------------------------------+
; Port Connectivity Checks: "mux8to1:alu_a_mux" ;
+------+-------+----------+---------------------+
; Port ; Type  ; Severity ; Details             ;
+------+-------+----------+---------------------+
; d5   ; Input ; Info     ; Stuck at VCC        ;
; d6   ; Input ; Info     ; Stuck at VCC        ;
; d7   ; Input ; Info     ; Stuck at VCC        ;
+------+-------+----------+---------------------+


+-------------------------------------------+
; Port Connectivity Checks: "mux8to1:a3_rf" ;
+------+-------+----------+-----------------+
; Port ; Type  ; Severity ; Details         ;
+------+-------+----------+-----------------+
; d1   ; Input ; Info     ; Stuck at VCC    ;
; d5   ; Input ; Info     ; Stuck at VCC    ;
; d6   ; Input ; Info     ; Stuck at VCC    ;
; d7   ; Input ; Info     ; Stuck at VCC    ;
+------+-------+----------+-----------------+


+-------------------------------------------+
; Port Connectivity Checks: "mux4to1:a1_rf" ;
+------+-------+----------+-----------------+
; Port ; Type  ; Severity ; Details         ;
+------+-------+----------+-----------------+
; d0   ; Input ; Info     ; Stuck at VCC    ;
; d3   ; Input ; Info     ; Stuck at VCC    ;
+------+-------+----------+-----------------+


+-----------------------------------------------+
; Port Connectivity Checks: "mux4to1:alu_b_mux" ;
+------+-------+----------+---------------------+
; Port ; Type  ; Severity ; Details             ;
+------+-------+----------+---------------------+
; d0   ; Input ; Info     ; Stuck at VCC        ;
+------+-------+----------+---------------------+


+----------------------------------------------+
; Port Connectivity Checks: "mux4to1:mema_mux" ;
+------+-------+----------+--------------------+
; Port ; Type  ; Severity ; Details            ;
+------+-------+----------+--------------------+
; d3   ; Input ; Info     ; Stuck at VCC       ;
+------+-------+----------+--------------------+


+-------------------------------------------+
; Port Connectivity Checks: "mux4to1:muxt4" ;
+------+-------+----------+-----------------+
; Port ; Type  ; Severity ; Details         ;
+------+-------+----------+-----------------+
; d3   ; Input ; Info     ; Stuck at VCC    ;
+------+-------+----------+-----------------+


+-------------------------------------------+
; Port Connectivity Checks: "mux4to1:muxt1" ;
+------+-------+----------+-----------------+
; Port ; Type  ; Severity ; Details         ;
+------+-------+----------+-----------------+
; d0   ; Input ; Info     ; Stuck at GND    ;
; d3   ; Input ; Info     ; Stuck at VCC    ;
+------+-------+----------+-----------------+


+-----------------------------------------------------+
; Post-Synthesis Netlist Statistics for Top Partition ;
+-----------------------+-----------------------------+
; Type                  ; Count                       ;
+-----------------------+-----------------------------+
; boundary_port         ; 34                          ;
; cycloneiii_ff         ; 362                         ;
;     ENA               ; 351                         ;
;     ENA SLD           ; 9                           ;
;     plain             ; 2                           ;
; cycloneiii_lcell_comb ; 698                         ;
;     arith             ; 98                          ;
;         2 data inputs ; 22                          ;
;         3 data inputs ; 76                          ;
;     normal            ; 600                         ;
;         0 data inputs ; 2                           ;
;         1 data inputs ; 1                           ;
;         2 data inputs ; 30                          ;
;         3 data inputs ; 139                         ;
;         4 data inputs ; 428                         ;
;                       ;                             ;
; Max LUT depth         ; 9.30                        ;
; Average LUT depth     ; 5.12                        ;
+-----------------------+-----------------------------+


+-------------------------------+
; Elapsed Time Per Partition    ;
+----------------+--------------+
; Partition Name ; Elapsed Time ;
+----------------+--------------+
; Top            ; 00:00:02     ;
+----------------+--------------+


+-------------------------------+
; Analysis & Synthesis Messages ;
+-------------------------------+
Info: *******************************************************************
Info: Running Quartus Prime Analysis & Synthesis
    Info: Version 16.1.0 Build 196 10/24/2016 SJ Lite Edition
    Info: Processing started: Thu Nov  9 04:39:21 2017
Info: Command: quartus_map --read_settings_files=on --write_settings_files=off datapath -c datapath
Warning (18236): Number of processors has not been specified which may cause overloading on shared machines.  Set the global assignment NUM_PARALLEL_PROCESSORS in your QSF to an appropriate value for best performance.
Info (20030): Parallel compilation is enabled and will use 2 of the 2 processors detected
Info (12021): Found 2 design units, including 1 entities, in source file /home/mohit/microlab337/Components/registers.vhd
    Info (12022): Found design unit 1: registers-behav File: /home/mohit/microlab337/Components/registers.vhd Line: 13
    Info (12023): Found entity 1: registers File: /home/mohit/microlab337/Components/registers.vhd Line: 5
Info (12021): Found 2 design units, including 1 entities, in source file /home/mohit/microlab337/Components/TwosComplement.vhd
    Info (12022): Found design unit 1: TwosComplement-Behave File: /home/mohit/microlab337/Components/TwosComplement.vhd Line: 12
    Info (12023): Found entity 1: TwosComplement File: /home/mohit/microlab337/Components/TwosComplement.vhd Line: 5
Info (12021): Found 2 design units, including 1 entities, in source file ram.vhd
    Info (12022): Found design unit 1: ram-rtl File: /home/mohit/microlab337/MicroLab/ram.vhd Line: 22
    Info (12023): Found entity 1: ram File: /home/mohit/microlab337/MicroLab/ram.vhd Line: 5
Info (12021): Found 2 design units, including 1 entities, in source file trail_zero7.vhd
    Info (12022): Found design unit 1: trail_zero7-behav File: /home/mohit/microlab337/MicroLab/trail_zero7.vhd Line: 12
    Info (12023): Found entity 1: trail_zero7 File: /home/mohit/microlab337/MicroLab/trail_zero7.vhd Line: 5
Info (12021): Found 2 design units, including 1 entities, in source file temp_reg.vhdl
    Info (12022): Found design unit 1: temp_reg-behav File: /home/mohit/microlab337/MicroLab/temp_reg.vhdl Line: 16
    Info (12023): Found entity 1: temp_reg File: /home/mohit/microlab337/MicroLab/temp_reg.vhdl Line: 5
Info (12021): Found 2 design units, including 1 entities, in source file sign_ext.vhd
    Info (12022): Found design unit 1: sign_ext-rtl File: /home/mohit/microlab337/MicroLab/sign_ext.vhd Line: 16
    Info (12023): Found entity 1: sign_ext File: /home/mohit/microlab337/MicroLab/sign_ext.vhd Line: 5
Info (12021): Found 2 design units, including 1 entities, in source file regfile.vhd
    Info (12022): Found design unit 1: register_file-behavioral File: /home/mohit/microlab337/MicroLab/regfile.vhd Line: 21
    Info (12023): Found entity 1: register_file File: /home/mohit/microlab337/MicroLab/regfile.vhd Line: 5
Info (12021): Found 2 design units, including 1 entities, in source file priorityEncoder.vhd
    Info (12022): Found design unit 1: priorityEncoder-priority_enc_arc File: /home/mohit/microlab337/MicroLab/priorityEncoder.vhd Line: 15
    Info (12023): Found entity 1: priorityEncoder File: /home/mohit/microlab337/MicroLab/priorityEncoder.vhd Line: 5
Info (12021): Found 2 design units, including 1 entities, in source file mux8to1.vhd
    Info (12022): Found design unit 1: mux8to1-rtl File: /home/mohit/microlab337/MicroLab/mux8to1.vhd Line: 22
    Info (12023): Found entity 1: mux8to1 File: /home/mohit/microlab337/MicroLab/mux8to1.vhd Line: 4
Info (12021): Found 2 design units, including 1 entities, in source file mux4to1.vhd
    Info (12022): Found design unit 1: mux4to1-rtl File: /home/mohit/microlab337/MicroLab/mux4to1.vhd Line: 18
    Info (12023): Found entity 1: mux4to1 File: /home/mohit/microlab337/MicroLab/mux4to1.vhd Line: 4
Info (12021): Found 2 design units, including 1 entities, in source file mux2to1.vhd
    Info (12022): Found design unit 1: mux2to1-rtl File: /home/mohit/microlab337/MicroLab/mux2to1.vhd Line: 15
    Info (12023): Found entity 1: mux2to1 File: /home/mohit/microlab337/MicroLab/mux2to1.vhd Line: 4
Info (12021): Found 2 design units, including 1 entities, in source file instr_reg.vhd
    Info (12022): Found design unit 1: instr_reg-behav File: /home/mohit/microlab337/MicroLab/instr_reg.vhd Line: 12
    Info (12023): Found entity 1: instr_reg File: /home/mohit/microlab337/MicroLab/instr_reg.vhd Line: 5
Info (12021): Found 2 design units, including 1 entities, in source file decoder3_16.vhd
    Info (12022): Found design unit 1: decoder3_16-decoder3_16_arc File: /home/mohit/microlab337/MicroLab/decoder3_16.vhd Line: 12
    Info (12023): Found entity 1: decoder3_16 File: /home/mohit/microlab337/MicroLab/decoder3_16.vhd Line: 4
Info (12021): Found 2 design units, including 1 entities, in source file alu.vhd
    Info (12022): Found design unit 1: ALU-Struct File: /home/mohit/microlab337/MicroLab/alu.vhd Line: 16
    Info (12023): Found entity 1: ALU File: /home/mohit/microlab337/MicroLab/alu.vhd Line: 5
Info (12021): Found 2 design units, including 1 entities, in source file datapath.vhd
    Info (12022): Found design unit 1: datapath-rtl File: /home/mohit/microlab337/MicroLab/datapath.vhd Line: 18
    Info (12023): Found entity 1: datapath File: /home/mohit/microlab337/MicroLab/datapath.vhd Line: 5
Info (12127): Elaborating entity "datapath" for the top level hierarchy
Info (12128): Elaborating entity "mux2to1" for hierarchy "mux2to1:t2_mux" File: /home/mohit/microlab337/MicroLab/datapath.vhd Line: 219
Info (12128): Elaborating entity "mux4to1" for hierarchy "mux4to1:muxt1" File: /home/mohit/microlab337/MicroLab/datapath.vhd Line: 238
Info (12128): Elaborating entity "mux4to1" for hierarchy "mux4to1:a1_rf" File: /home/mohit/microlab337/MicroLab/datapath.vhd Line: 294
Info (12128): Elaborating entity "mux8to1" for hierarchy "mux8to1:a3_rf" File: /home/mohit/microlab337/MicroLab/datapath.vhd Line: 305
Info (12128): Elaborating entity "mux8to1" for hierarchy "mux8to1:alu_a_mux" File: /home/mohit/microlab337/MicroLab/datapath.vhd Line: 321
Info (12128): Elaborating entity "ALU" for hierarchy "ALU:my_alu" File: /home/mohit/microlab337/MicroLab/datapath.vhd Line: 340
Warning (10492): VHDL Process Statement warning at alu.vhd(58): signal "add1bit" is read inside the Process Statement but isn't in the Process Statement's sensitivity list File: /home/mohit/microlab337/MicroLab/alu.vhd Line: 58
Warning (10631): VHDL Process Statement warning at alu.vhd(53): inferring latch(es) for signal or variable "alu_out_read", which holds its previous value in one or more paths through the process File: /home/mohit/microlab337/MicroLab/alu.vhd Line: 53
Warning (10631): VHDL Process Statement warning at alu.vhd(53): inferring latch(es) for signal or variable "two_complement_add", which holds its previous value in one or more paths through the process File: /home/mohit/microlab337/MicroLab/alu.vhd Line: 53
Warning (10631): VHDL Process Statement warning at alu.vhd(53): inferring latch(es) for signal or variable "cmp", which holds its previous value in one or more paths through the process File: /home/mohit/microlab337/MicroLab/alu.vhd Line: 53
Info (10041): Inferred latch for "cmp" at alu.vhd(53) File: /home/mohit/microlab337/MicroLab/alu.vhd Line: 53
Info (10041): Inferred latch for "two_complement_add[0]" at alu.vhd(53) File: /home/mohit/microlab337/MicroLab/alu.vhd Line: 53
Info (10041): Inferred latch for "two_complement_add[1]" at alu.vhd(53) File: /home/mohit/microlab337/MicroLab/alu.vhd Line: 53
Info (10041): Inferred latch for "two_complement_add[2]" at alu.vhd(53) File: /home/mohit/microlab337/MicroLab/alu.vhd Line: 53
Info (10041): Inferred latch for "two_complement_add[3]" at alu.vhd(53) File: /home/mohit/microlab337/MicroLab/alu.vhd Line: 53
Info (10041): Inferred latch for "two_complement_add[4]" at alu.vhd(53) File: /home/mohit/microlab337/MicroLab/alu.vhd Line: 53
Info (10041): Inferred latch for "two_complement_add[5]" at alu.vhd(53) File: /home/mohit/microlab337/MicroLab/alu.vhd Line: 53
Info (10041): Inferred latch for "two_complement_add[6]" at alu.vhd(53) File: /home/mohit/microlab337/MicroLab/alu.vhd Line: 53
Info (10041): Inferred latch for "two_complement_add[7]" at alu.vhd(53) File: /home/mohit/microlab337/MicroLab/alu.vhd Line: 53
Info (10041): Inferred latch for "two_complement_add[8]" at alu.vhd(53) File: /home/mohit/microlab337/MicroLab/alu.vhd Line: 53
Info (10041): Inferred latch for "two_complement_add[9]" at alu.vhd(53) File: /home/mohit/microlab337/MicroLab/alu.vhd Line: 53
Info (10041): Inferred latch for "two_complement_add[10]" at alu.vhd(53) File: /home/mohit/microlab337/MicroLab/alu.vhd Line: 53
Info (10041): Inferred latch for "two_complement_add[11]" at alu.vhd(53) File: /home/mohit/microlab337/MicroLab/alu.vhd Line: 53
Info (10041): Inferred latch for "two_complement_add[12]" at alu.vhd(53) File: /home/mohit/microlab337/MicroLab/alu.vhd Line: 53
Info (10041): Inferred latch for "two_complement_add[13]" at alu.vhd(53) File: /home/mohit/microlab337/MicroLab/alu.vhd Line: 53
Info (10041): Inferred latch for "two_complement_add[14]" at alu.vhd(53) File: /home/mohit/microlab337/MicroLab/alu.vhd Line: 53
Info (10041): Inferred latch for "alu_out_read[0]" at alu.vhd(53) File: /home/mohit/microlab337/MicroLab/alu.vhd Line: 53
Info (10041): Inferred latch for "alu_out_read[1]" at alu.vhd(53) File: /home/mohit/microlab337/MicroLab/alu.vhd Line: 53
Info (10041): Inferred latch for "alu_out_read[2]" at alu.vhd(53) File: /home/mohit/microlab337/MicroLab/alu.vhd Line: 53
Info (10041): Inferred latch for "alu_out_read[3]" at alu.vhd(53) File: /home/mohit/microlab337/MicroLab/alu.vhd Line: 53
Info (10041): Inferred latch for "alu_out_read[4]" at alu.vhd(53) File: /home/mohit/microlab337/MicroLab/alu.vhd Line: 53
Info (10041): Inferred latch for "alu_out_read[5]" at alu.vhd(53) File: /home/mohit/microlab337/MicroLab/alu.vhd Line: 53
Info (10041): Inferred latch for "alu_out_read[6]" at alu.vhd(53) File: /home/mohit/microlab337/MicroLab/alu.vhd Line: 53
Info (10041): Inferred latch for "alu_out_read[7]" at alu.vhd(53) File: /home/mohit/microlab337/MicroLab/alu.vhd Line: 53
Info (10041): Inferred latch for "alu_out_read[8]" at alu.vhd(53) File: /home/mohit/microlab337/MicroLab/alu.vhd Line: 53
Info (10041): Inferred latch for "alu_out_read[9]" at alu.vhd(53) File: /home/mohit/microlab337/MicroLab/alu.vhd Line: 53
Info (10041): Inferred latch for "alu_out_read[10]" at alu.vhd(53) File: /home/mohit/microlab337/MicroLab/alu.vhd Line: 53
Info (10041): Inferred latch for "alu_out_read[11]" at alu.vhd(53) File: /home/mohit/microlab337/MicroLab/alu.vhd Line: 53
Info (10041): Inferred latch for "alu_out_read[12]" at alu.vhd(53) File: /home/mohit/microlab337/MicroLab/alu.vhd Line: 53
Info (10041): Inferred latch for "alu_out_read[13]" at alu.vhd(53) File: /home/mohit/microlab337/MicroLab/alu.vhd Line: 53
Info (10041): Inferred latch for "alu_out_read[14]" at alu.vhd(53) File: /home/mohit/microlab337/MicroLab/alu.vhd Line: 53
Info (10041): Inferred latch for "alu_out_read[15]" at alu.vhd(53) File: /home/mohit/microlab337/MicroLab/alu.vhd Line: 53
Info (12128): Elaborating entity "TwosComplement" for hierarchy "ALU:my_alu|TwosComplement:two" File: /home/mohit/microlab337/MicroLab/alu.vhd Line: 31
Info (12128): Elaborating entity "registers" for hierarchy "registers:car" File: /home/mohit/microlab337/MicroLab/datapath.vhd Line: 351
Warning (10492): VHDL Process Statement warning at registers.vhd(17): signal "en" is read inside the Process Statement but isn't in the Process Statement's sensitivity list File: /home/mohit/microlab337/Components/registers.vhd Line: 17
Info (12128): Elaborating entity "sign_ext" for hierarchy "sign_ext:sign_ext7" File: /home/mohit/microlab337/MicroLab/datapath.vhd Line: 368
Info (12128): Elaborating entity "sign_ext" for hierarchy "sign_ext:sign_ext8" File: /home/mohit/microlab337/MicroLab/datapath.vhd Line: 375
Info (12128): Elaborating entity "sign_ext" for hierarchy "sign_ext:sign_ext10" File: /home/mohit/microlab337/MicroLab/datapath.vhd Line: 382
Info (12128): Elaborating entity "priorityEncoder" for hierarchy "priorityEncoder:pr_enc" File: /home/mohit/microlab337/MicroLab/datapath.vhd Line: 389
Warning (10631): VHDL Process Statement warning at priorityEncoder.vhd(18): inferring latch(es) for signal or variable "dout", which holds its previous value in one or more paths through the process File: /home/mohit/microlab337/MicroLab/priorityEncoder.vhd Line: 18
Warning (10631): VHDL Process Statement warning at priorityEncoder.vhd(18): inferring latch(es) for signal or variable "valid", which holds its previous value in one or more paths through the process File: /home/mohit/microlab337/MicroLab/priorityEncoder.vhd Line: 18
Info (10041): Inferred latch for "valid" at priorityEncoder.vhd(18) File: /home/mohit/microlab337/MicroLab/priorityEncoder.vhd Line: 18
Info (10041): Inferred latch for "dout[0]" at priorityEncoder.vhd(18) File: /home/mohit/microlab337/MicroLab/priorityEncoder.vhd Line: 18
Info (10041): Inferred latch for "dout[1]" at priorityEncoder.vhd(18) File: /home/mohit/microlab337/MicroLab/priorityEncoder.vhd Line: 18
Info (10041): Inferred latch for "dout[2]" at priorityEncoder.vhd(18) File: /home/mohit/microlab337/MicroLab/priorityEncoder.vhd Line: 18
Info (12128): Elaborating entity "ram" for hierarchy "ram:memory" File: /home/mohit/microlab337/MicroLab/datapath.vhd Line: 397
Info (12128): Elaborating entity "temp_reg" for hierarchy "temp_reg:instruction_reg" File: /home/mohit/microlab337/MicroLab/datapath.vhd Line: 410
Warning (10492): VHDL Process Statement warning at temp_reg.vhdl(20): signal "en" is read inside the Process Statement but isn't in the Process Statement's sensitivity list File: /home/mohit/microlab337/MicroLab/temp_reg.vhdl Line: 20
Info (12128): Elaborating entity "trail_zero7" for hierarchy "trail_zero7:trail_zero" File: /home/mohit/microlab337/MicroLab/datapath.vhd Line: 472
Info (12128): Elaborating entity "decoder3_16" for hierarchy "decoder3_16:decoder" File: /home/mohit/microlab337/MicroLab/datapath.vhd Line: 478
Info (12128): Elaborating entity "register_file" for hierarchy "register_file:reg_file" File: /home/mohit/microlab337/MicroLab/datapath.vhd Line: 484
Info (276014): Found 2 instances of uninferred RAM logic
    Info (276004): RAM logic "register_file:reg_file|registers" is uninferred due to inappropriate RAM size File: /home/mohit/microlab337/MicroLab/regfile.vhd Line: 23
    Info (276004): RAM logic "ram:memory|ram_block" is uninferred due to inappropriate RAM size File: /home/mohit/microlab337/MicroLab/ram.vhd Line: 25
Warning (13012): Latch ALU:my_alu|two_complement_add[14] has unsafe behavior File: /home/mohit/microlab337/MicroLab/alu.vhd Line: 53
    Warning (13013): Ports D and ENA on the latch are fed by the same signal en1_bit File: /home/mohit/microlab337/MicroLab/datapath.vhd Line: 181
Warning (13012): Latch ALU:my_alu|two_complement_add[13] has unsafe behavior File: /home/mohit/microlab337/MicroLab/alu.vhd Line: 53
    Warning (13013): Ports D and ENA on the latch are fed by the same signal en1_bit File: /home/mohit/microlab337/MicroLab/datapath.vhd Line: 181
Warning (13012): Latch ALU:my_alu|two_complement_add[12] has unsafe behavior File: /home/mohit/microlab337/MicroLab/alu.vhd Line: 53
    Warning (13013): Ports D and ENA on the latch are fed by the same signal en1_bit File: /home/mohit/microlab337/MicroLab/datapath.vhd Line: 181
Warning (13012): Latch ALU:my_alu|two_complement_add[11] has unsafe behavior File: /home/mohit/microlab337/MicroLab/alu.vhd Line: 53
    Warning (13013): Ports D and ENA on the latch are fed by the same signal en1_bit File: /home/mohit/microlab337/MicroLab/datapath.vhd Line: 181
Warning (13012): Latch ALU:my_alu|two_complement_add[10] has unsafe behavior File: /home/mohit/microlab337/MicroLab/alu.vhd Line: 53
    Warning (13013): Ports D and ENA on the latch are fed by the same signal en1_bit File: /home/mohit/microlab337/MicroLab/datapath.vhd Line: 181
Warning (13012): Latch ALU:my_alu|two_complement_add[9] has unsafe behavior File: /home/mohit/microlab337/MicroLab/alu.vhd Line: 53
    Warning (13013): Ports D and ENA on the latch are fed by the same signal en1_bit File: /home/mohit/microlab337/MicroLab/datapath.vhd Line: 181
Warning (13012): Latch ALU:my_alu|two_complement_add[8] has unsafe behavior File: /home/mohit/microlab337/MicroLab/alu.vhd Line: 53
    Warning (13013): Ports D and ENA on the latch are fed by the same signal en1_bit File: /home/mohit/microlab337/MicroLab/datapath.vhd Line: 181
Warning (13012): Latch ALU:my_alu|two_complement_add[7] has unsafe behavior File: /home/mohit/microlab337/MicroLab/alu.vhd Line: 53
    Warning (13013): Ports D and ENA on the latch are fed by the same signal en1_bit File: /home/mohit/microlab337/MicroLab/datapath.vhd Line: 181
Warning (13012): Latch ALU:my_alu|two_complement_add[6] has unsafe behavior File: /home/mohit/microlab337/MicroLab/alu.vhd Line: 53
    Warning (13013): Ports D and ENA on the latch are fed by the same signal en1_bit File: /home/mohit/microlab337/MicroLab/datapath.vhd Line: 181
Warning (13012): Latch ALU:my_alu|two_complement_add[5] has unsafe behavior File: /home/mohit/microlab337/MicroLab/alu.vhd Line: 53
    Warning (13013): Ports D and ENA on the latch are fed by the same signal en1_bit File: /home/mohit/microlab337/MicroLab/datapath.vhd Line: 181
Warning (13012): Latch ALU:my_alu|two_complement_add[4] has unsafe behavior File: /home/mohit/microlab337/MicroLab/alu.vhd Line: 53
    Warning (13013): Ports D and ENA on the latch are fed by the same signal en1_bit File: /home/mohit/microlab337/MicroLab/datapath.vhd Line: 181
Warning (13012): Latch ALU:my_alu|two_complement_add[3] has unsafe behavior File: /home/mohit/microlab337/MicroLab/alu.vhd Line: 53
    Warning (13013): Ports D and ENA on the latch are fed by the same signal en1_bit File: /home/mohit/microlab337/MicroLab/datapath.vhd Line: 181
Warning (13012): Latch ALU:my_alu|two_complement_add[2] has unsafe behavior File: /home/mohit/microlab337/MicroLab/alu.vhd Line: 53
    Warning (13013): Ports D and ENA on the latch are fed by the same signal en1_bit File: /home/mohit/microlab337/MicroLab/datapath.vhd Line: 181
Warning (13012): Latch ALU:my_alu|two_complement_add[1] has unsafe behavior File: /home/mohit/microlab337/MicroLab/alu.vhd Line: 53
    Warning (13013): Ports D and ENA on the latch are fed by the same signal en1_bit File: /home/mohit/microlab337/MicroLab/datapath.vhd Line: 181
Warning (13012): Latch ALU:my_alu|two_complement_add[0] has unsafe behavior File: /home/mohit/microlab337/MicroLab/alu.vhd Line: 53
    Warning (13013): Ports D and ENA on the latch are fed by the same signal en1_bit File: /home/mohit/microlab337/MicroLab/datapath.vhd Line: 181
Warning (13012): Latch ALU:my_alu|alu_out_read[14] has unsafe behavior File: /home/mohit/microlab337/MicroLab/alu.vhd Line: 53
    Warning (13013): Ports D and ENA on the latch are fed by the same signal en1_bit File: /home/mohit/microlab337/MicroLab/datapath.vhd Line: 181
Warning (13012): Latch ALU:my_alu|alu_out_read[13] has unsafe behavior File: /home/mohit/microlab337/MicroLab/alu.vhd Line: 53
    Warning (13013): Ports D and ENA on the latch are fed by the same signal en1_bit File: /home/mohit/microlab337/MicroLab/datapath.vhd Line: 181
Warning (13012): Latch ALU:my_alu|alu_out_read[12] has unsafe behavior File: /home/mohit/microlab337/MicroLab/alu.vhd Line: 53
    Warning (13013): Ports D and ENA on the latch are fed by the same signal en1_bit File: /home/mohit/microlab337/MicroLab/datapath.vhd Line: 181
Warning (13012): Latch ALU:my_alu|alu_out_read[11] has unsafe behavior File: /home/mohit/microlab337/MicroLab/alu.vhd Line: 53
    Warning (13013): Ports D and ENA on the latch are fed by the same signal en1_bit File: /home/mohit/microlab337/MicroLab/datapath.vhd Line: 181
Warning (13012): Latch ALU:my_alu|alu_out_read[10] has unsafe behavior File: /home/mohit/microlab337/MicroLab/alu.vhd Line: 53
    Warning (13013): Ports D and ENA on the latch are fed by the same signal en1_bit File: /home/mohit/microlab337/MicroLab/datapath.vhd Line: 181
Warning (13012): Latch ALU:my_alu|alu_out_read[9] has unsafe behavior File: /home/mohit/microlab337/MicroLab/alu.vhd Line: 53
    Warning (13013): Ports D and ENA on the latch are fed by the same signal en1_bit File: /home/mohit/microlab337/MicroLab/datapath.vhd Line: 181
Warning (13012): Latch ALU:my_alu|alu_out_read[8] has unsafe behavior File: /home/mohit/microlab337/MicroLab/alu.vhd Line: 53
    Warning (13013): Ports D and ENA on the latch are fed by the same signal en1_bit File: /home/mohit/microlab337/MicroLab/datapath.vhd Line: 181
Warning (13012): Latch ALU:my_alu|alu_out_read[7] has unsafe behavior File: /home/mohit/microlab337/MicroLab/alu.vhd Line: 53
    Warning (13013): Ports D and ENA on the latch are fed by the same signal en1_bit File: /home/mohit/microlab337/MicroLab/datapath.vhd Line: 181
Warning (13012): Latch ALU:my_alu|alu_out_read[6] has unsafe behavior File: /home/mohit/microlab337/MicroLab/alu.vhd Line: 53
    Warning (13013): Ports D and ENA on the latch are fed by the same signal en1_bit File: /home/mohit/microlab337/MicroLab/datapath.vhd Line: 181
Warning (13012): Latch ALU:my_alu|alu_out_read[5] has unsafe behavior File: /home/mohit/microlab337/MicroLab/alu.vhd Line: 53
    Warning (13013): Ports D and ENA on the latch are fed by the same signal en1_bit File: /home/mohit/microlab337/MicroLab/datapath.vhd Line: 181
Warning (13012): Latch ALU:my_alu|alu_out_read[4] has unsafe behavior File: /home/mohit/microlab337/MicroLab/alu.vhd Line: 53
    Warning (13013): Ports D and ENA on the latch are fed by the same signal en1_bit File: /home/mohit/microlab337/MicroLab/datapath.vhd Line: 181
Warning (13012): Latch ALU:my_alu|alu_out_read[3] has unsafe behavior File: /home/mohit/microlab337/MicroLab/alu.vhd Line: 53
    Warning (13013): Ports D and ENA on the latch are fed by the same signal en1_bit File: /home/mohit/microlab337/MicroLab/datapath.vhd Line: 181
Warning (13012): Latch ALU:my_alu|alu_out_read[2] has unsafe behavior File: /home/mohit/microlab337/MicroLab/alu.vhd Line: 53
    Warning (13013): Ports D and ENA on the latch are fed by the same signal en1_bit File: /home/mohit/microlab337/MicroLab/datapath.vhd Line: 181
Warning (13012): Latch ALU:my_alu|alu_out_read[1] has unsafe behavior File: /home/mohit/microlab337/MicroLab/alu.vhd Line: 53
    Warning (13013): Ports D and ENA on the latch are fed by the same signal en1_bit File: /home/mohit/microlab337/MicroLab/datapath.vhd Line: 181
Warning (13012): Latch ALU:my_alu|alu_out_read[0] has unsafe behavior File: /home/mohit/microlab337/MicroLab/alu.vhd Line: 53
    Warning (13013): Ports D and ENA on the latch are fed by the same signal en1_bit File: /home/mohit/microlab337/MicroLab/datapath.vhd Line: 181
Warning (13012): Latch ALU:my_alu|alu_out_read[15] has unsafe behavior File: /home/mohit/microlab337/MicroLab/alu.vhd Line: 53
    Warning (13013): Ports D and ENA on the latch are fed by the same signal en1_bit File: /home/mohit/microlab337/MicroLab/datapath.vhd Line: 181
Warning (13024): Output pins are stuck at VCC or GND
    Warning (13410): Pin "valid" is stuck at GND File: /home/mohit/microlab337/MicroLab/datapath.vhd Line: 9
    Warning (13410): Pin "cmp" is stuck at VCC File: /home/mohit/microlab337/MicroLab/datapath.vhd Line: 14
Info (286030): Timing-Driven Synthesis is running
Info (16010): Generating hard_block partition "hard_block:auto_generated_inst"
    Info (16011): Adding 0 node(s), including 0 DDIO, 0 PLL, 0 transceiver and 0 LCELL
Warning (21074): Design contains 1 input pin(s) that do not drive logic
    Warning (15610): No output dependent on input pin "reset" File: /home/mohit/microlab337/MicroLab/datapath.vhd Line: 8
Info (21057): Implemented 986 device resources after synthesis - the final resource count might be different
    Info (21058): Implemented 22 input pins
    Info (21059): Implemented 12 output pins
    Info (21061): Implemented 952 logic cells
Info: Quartus Prime Analysis & Synthesis was successful. 0 errors, 76 warnings
    Info: Peak virtual memory: 972 megabytes
    Info: Processing ended: Thu Nov  9 04:39:37 2017
    Info: Elapsed time: 00:00:16
    Info: Total CPU time (on all processors): 00:00:36


