------------------------------------------------------------
TimeQuest Timing Analyzer Summary
------------------------------------------------------------

Type  : Slow 1200mV 85C Model Setup 'clk'
Slack : -1.928
TNS   : -20.346

Type  : Slow 1200mV 85C Model Setup 'IR_7'
Slack : -1.685
TNS   : -21.453

Type  : Slow 1200mV 85C Model Hold 'IR_7'
Slack : -0.089
TNS   : -0.089

Type  : Slow 1200mV 85C Model Hold 'clk'
Slack : 1.396
TNS   : 0.000

Type  : Slow 1200mV 85C Model Minimum Pulse Width 'clk'
Slack : -3.000
TNS   : -19.000

Type  : Slow 1200mV 85C Model Minimum Pulse Width 'IR_7'
Slack : -3.000
TNS   : -3.000

Type  : Slow 1200mV 0C Model Setup 'clk'
Slack : -1.632
TNS   : -16.745

Type  : Slow 1200mV 0C Model Setup 'IR_7'
Slack : -1.472
TNS   : -19.171

Type  : Slow 1200mV 0C Model Hold 'IR_7'
Slack : 0.010
TNS   : 0.000

Type  : Slow 1200mV 0C Model Hold 'clk'
Slack : 1.265
TNS   : 0.000

Type  : Slow 1200mV 0C Model Minimum Pulse Width 'clk'
Slack : -3.000
TNS   : -19.000

Type  : Slow 1200mV 0C Model Minimum Pulse Width 'IR_7'
Slack : -3.000
TNS   : -3.000

Type  : Fast 1200mV 0C Model Setup 'clk'
Slack : -1.195
TNS   : -13.316

Type  : Fast 1200mV 0C Model Setup 'IR_7'
Slack : -0.424
TNS   : -3.997

Type  : Fast 1200mV 0C Model Hold 'IR_7'
Slack : -0.083
TNS   : -0.089

Type  : Fast 1200mV 0C Model Hold 'clk'
Slack : 1.312
TNS   : 0.000

Type  : Fast 1200mV 0C Model Minimum Pulse Width 'clk'
Slack : -3.000
TNS   : -19.965

Type  : Fast 1200mV 0C Model Minimum Pulse Width 'IR_7'
Slack : -3.000
TNS   : -3.000

------------------------------------------------------------
